// Jest Snapshot v1, https://goo.gl/fbAQLP

exports[`test to render EditExpensePage correctly 1`] = `
<div>
  <ExpenseForm
    expense={
      Object {
        "amount": 195,
        "createdAt": 0,
        "description": "Gum",
        "id": "a",
        "note": "",
      }
    }
    onSubmit={[Function]}
  />
  <button
    className="ExpenseItem__btnRemove"
    onClick={[Function]}
  >
    Remove expense
  </button>
</div>
`;
