// Jest Snapshot v1, https://goo.gl/fbAQLP

exports[`test to render Header 1`] = `
<header>
  <h1>
    Expensify
  </h1>
  <p>
    <NavLink
      activeClassName="isActive"
      ariaCurrent="true"
      exact={true}
      to="/"
    >
      Dashboard
    </NavLink>
     
    <NavLink
      activeClassName="isActive"
      ariaCurrent="true"
      to="/create"
    >
      Create Expense
    </NavLink>
     
    <NavLink
      activeClassName="isActive"
      ariaCurrent="true"
      to="/help"
    >
      Help
    </NavLink>
  </p>
</header>
`;
