// Jest Snapshot v1, https://goo.gl/fbAQLP

exports[`should correctly render LoginPage 1`] = `
<div
  className="LoginPage"
>
  <p>
    <button>
      Login
    </button>
  </p>
</div>
`;
